??Next.js 16.2.6 (Turbopack)
- Environments: .env.local

node.exe : ??The "middleware" file convention is deprecated. Please use "proxy" instead. Learn more: https://nextjs.org
/docs/messages/middleware-to-proxy
위치 줄:1 문자:1
+ & "C:\Program Files\nodejs/node.exe" "C:\Program Files\nodejs/node_mo ...
+ ~~~~~~~~~~~~~~~~~~~~~~~~~~~~~~~~~~~~~~~~~~~~~~~~~~~~~~~~~~~~~~~~~~~~~
    + CategoryInfo          : NotSpecified: (??The "middlewa...leware-to-proxy:String) [], RemoteException
    + FullyQualifiedErrorId : NativeCommandError
 
  Creating an optimized production build ...
??Compiled successfully in 26.6s
  Running TypeScript ...
  Finished TypeScript in 40.0s ...
  Collecting page data using 21 workers ...
Error [ZodError]: [
  {
    "origin": "string",
    "code": "too_small",
    "minimum": 1,
    "inclusive": true,
    "path": [
      "SUPABASE_SERVICE_ROLE_KEY"
    ],
    "message": "Too small: expected string to have >=1 characters"
  }
]
    at module evaluation (C:\Users\User\bsw\.next\server\chunks\_0awj4iw._.js:98:56307)
    at instantiateModule (C:\Users\User\bsw\.next\server\chunks\[turbopack]_runtime.js:853:9)
    at getOrInstantiateModuleFromParent (C:\Users\User\bsw\.next\server\chunks\[turbopack]_runtime.js:877:12)
    at Context.esmImport [as i] (C:\Users\User\bsw\.next\server\chunks\[turbopack]_runtime.js:281:20)
    at module evaluation (C:\Users\User\bsw\.next\server\chunks\_0awj4iw._.js:98:56974)
    at instantiateModule (C:\Users\User\bsw\.next\server\chunks\[turbopack]_runtime.js:853:9)
    at getOrInstantiateModuleFromParent (C:\Users\User\bsw\.next\server\chunks\[turbopack]_runtime.js:877:12)
    at Context.esmImport [as i] (C:\Users\User\bsw\.next\server\chunks\[turbopack]_runtime.js:281:20)
    at module evaluation (C:\Users\User\bsw\.next\server\chunks\[root-of-the-server]__0zbi0w7._.js:1:1291)
    at instantiateModule (C:\Users\User\bsw\.next\server\chunks\[turbopack]_runtime.js:853:9)

> Build error occurred
Error: Failed to collect page data for /api/golden/export
    at ignore-listed frames {
  type: 'Error'
}
